DROP SCHEMA
ALTER ROLE
✔ clean standard Supabase baseline without fixtures (790.5315ms)
✔ wrong project fails atomically (1199.9135ms)
✔ populated Dispatch fails atomically (1251.7216ms)
✔ conflicting role fails atomically (1536.3134ms)
✔ incompatible prior namespace fails atomically (1327.7574ms)
✔ unexpected public record fails atomically (1116.5265ms)
✔ unexpected owner defaults fails atomically (2748.2728ms)
✔ version condition is executed and rejects unsupported version (524.066ms)
✖ global browser defaults cannot leak into future private application tables (1699.9507ms)
✔ full clean install, inventories and frozen postflight pass (1783.8032ms)
✔ future public table has no browser table privileges (323.8154ms)
✔ external view and evidence-bearing state refuse destructive rollback (979.6352ms)
✔ failure after hardening rolls back roles objects and ACL mutations (2919.7344ms)
✔ empty rollback and reapply pass (3990.5942ms)
✔ exact inventory persisted for owner review (785.0829ms)
ℹ tests 15
ℹ suites 0
ℹ pass 14
ℹ fail 1
ℹ cancelled 0
ℹ skipped 0
ℹ todo 0
ℹ duration_ms 23292.0594

✖ failing tests:

test at ..\..\..\..\..\..\GitHub\liberty-county-map\.artifacts\worktrees\RESPONDER-PHASE0-v1-contract-freeze\tools\responder\phase29\installer\runtime.test.mjs:11:1
✖ global browser defaults cannot leak into future private application tables (1699.9507ms)
  AssertionError [ERR_ASSERTION]: WARNING:  there is already a transaction in progress
  NOTICE:  role "postgres" has already been granted membership in role "dispatch_function_owner" by role "postgres"
  NOTICE:  role "postgres" has already been granted membership in role "dispatch_function_owner" by role "postgres"
  ERROR:  syntax error at or near "$"
  LINE 1: DO $ BEGIN IF has_table_privilege('anon','dispatch_private.f...
             ^
  
  cmrrvwgkgjhmdugzhnrh
  BEGIN
  ALTER DEFAULT PRIVILEGES
  BEGIN
  SET
  SET
  
  DO
  ALTER DEFAULT PRIVILEGES
  ALTER DEFAULT PRIVILEGES
  ALTER DEFAULT PRIVILEGES
  ALTER DEFAULT PRIVILEGES
  ALTER DEFAULT PRIVILEGES
  REVOKE
  DO
  CREATE SCHEMA
  CREATE SCHEMA
  CREATE SCHEMA
  CREATE SCHEMA
  REVOKE
  CREATE TYPE
  CREATE TYPE
  CREATE TYPE
  CREATE TYPE
  CREATE TYPE
  CREATE TYPE
  CREATE TYPE
  CREATE TYPE
  CREATE TYPE
  CREATE TYPE
  CREATE TYPE
  CREATE TYPE
  CREATE TYPE
  CREATE TYPE
  CREATE TYPE
  CREATE TYPE
  CREATE TYPE
  CREATE TYPE
  CREATE TYPE
  CREATE TYPE
  CREATE TYPE
  CREATE TYPE
  CREATE TYPE
  CREATE TABLE
  CREATE TABLE
  CREATE TABLE
  CREATE TABLE
  CREATE TABLE
  CREATE TABLE
  CREATE INDEX
  CREATE INDEX
  CREATE TABLE
  CREATE INDEX
  CREATE TABLE
  CREATE TABLE
  CREATE TABLE
  CREATE TABLE
  CREATE TABLE
  CREATE TABLE
  CREATE TABLE
  CREATE TABLE
  CREATE TABLE
  CREATE INDEX
  CREATE TABLE
  CREATE TABLE
  CREATE TABLE
  CREATE INDEX
  CREATE TABLE
  CREATE TABLE
  CREATE TABLE
  INSERT 0 5
  INSERT 0 26
  INSERT 0 20
  INSERT 0 19
  INSERT 0 21
  CREATE FUNCTION
  CREATE FUNCTION
  CREATE FUNCTION
  CREATE FUNCTION
  CREATE FUNCTION
  CREATE FUNCTION
  CREATE FUNCTION
  CREATE FUNCTION
  CREATE FUNCTION
  CREATE FUNCTION
  CREATE FUNCTION
  CREATE FUNCTION
  DO
  CREATE TRIGGER
  CREATE TRIGGER
  CREATE TRIGGER
  DO
  CREATE POLICY
  CREATE POLICY
  CREATE POLICY
  CREATE POLICY
  CREATE POLICY
  CREATE POLICY
  CREATE POLICY
  CREATE POLICY
  CREATE POLICY
  CREATE POLICY
  CREATE POLICY
  CREATE POLICY
  CREATE POLICY
  CREATE POLICY
  CREATE POLICY
  CREATE POLICY
  CREATE POLICY
  CREATE VIEW
  CREATE VIEW
  GRANT ROLE
  GRANT
  ALTER FUNCTION
  DO
  REVOKE
  GRANT
  GRANT
  REVOKE
  REVOKE
  GRANT
  GRANT
  GRANT
  GRANT
  GRANT
  GRANT
  GRANT
  GRANT
  GRANT
  GRANT
  DO
  DO
  REVOKE ROLE
  NOTIFY
  GRANT ROLE
  CREATE TYPE
  CREATE TYPE
  CREATE TYPE
  CREATE TYPE
  CREATE TABLE
  CREATE INDEX
  CREATE TABLE
  CREATE INDEX
  CREATE TABLE
  CREATE TABLE
  CREATE TABLE
  ALTER TABLE
  CREATE INDEX
  ALTER TABLE
  CREATE TRIGGER
  CREATE TABLE
  CREATE TABLE
  CREATE INDEX
  CREATE TABLE
  CREATE TABLE
  CREATE TRIGGER
  INSERT 0 3
  INSERT 0 10
  CREATE FUNCTION
  CREATE FUNCTION
  CREATE FUNCTION
  CREATE FUNCTION
  CREATE FUNCTION
  CREATE FUNCTION
  CREATE FUNCTION
  CREATE FUNCTION
  CREATE FUNCTION
  CREATE FUNCTION
  CREATE FUNCTION
  CREATE FUNCTION
  DROP POLICY
  CREATE POLICY
  DROP POLICY
  CREATE POLICY
  DROP POLICY
  CREATE POLICY
  DROP POLICY
  CREATE POLICY
  CREATE POLICY
  CREATE POLICY
  CREATE POLICY
  CREATE VIEW
  CREATE VIEW
  ALTER FUNCTION
  CREATE FUNCTION
  CREATE FUNCTION
  CREATE TRIGGER
  DO
  DO
  GRANT ROLE
  GRANT
  DO
  REVOKE
  REVOKE
  GRANT
  GRANT
  GRANT
  GRANT
  GRANT
  REVOKE
  GRANT
  GRANT
  GRANT
  GRANT
  GRANT
  GRANT
  GRANT
  DO
  GRANT
  GRANT
  REVOKE ROLE
  NOTIFY
  GRANT ROLE
  CREATE TABLE
  CREATE TABLE
  CREATE TABLE
  CREATE INDEX
  CREATE TABLE
  CREATE TABLE
  CREATE TRIGGER
  ALTER TABLE
  ALTER TABLE
  ALTER TABLE
  ALTER TABLE
  ALTER TABLE
  ALTER TABLE
  ALTER TABLE
  ALTER TABLE
  CREATE INDEX
  ALTER TABLE
  CREATE INDEX
  ALTER TABLE
  ALTER TABLE
  ALTER TABLE
  ALTER TABLE
  ALTER TABLE
  ALTER TABLE
  CREATE FUNCTION
  CREATE FUNCTION
  CREATE FUNCTION
  CREATE FUNCTION
  CREATE FUNCTION
  CREATE FUNCTION
  ALTER FUNCTION
  CREATE FUNCTION
  CREATE FUNCTION
  CREATE FUNCTION
  DO
  GRANT
  DO
  REVOKE
  DO
  GRANT
  GRANT
  GRANT
  GRANT
  GRANT
  GRANT
  GRANT
  GRANT
  REVOKE
  GRANT
  GRANT
  GRANT
  REVOKE
  DO
  GRANT
  REVOKE ROLE
  NOTIFY
  GRANT ROLE
  CREATE TABLE
  CREATE TABLE
  CREATE TABLE
  CREATE TABLE
  CREATE TABLE
  CREATE TABLE
  ALTER TABLE
  ALTER TABLE
  CREATE TABLE
  CREATE TABLE
  CREATE TABLE
  CREATE TABLE
  CREATE TABLE
  CREATE INDEX
  CREATE TABLE
  CREATE TABLE
  CREATE TABLE
  CREATE TABLE
  CREATE TABLE
  CREATE TABLE
  CREATE TABLE
  CREATE TABLE
  CREATE TABLE
  CREATE TABLE
  CREATE FUNCTION
  CREATE FUNCTION
  CREATE FUNCTION
  CREATE FUNCTION
  CREATE TRIGGER
  CREATE FUNCTION
  CREATE FUNCTION
  CREATE TABLE
  CREATE INDEX
  ALTER TABLE
  CREATE TABLE
  CREATE FUNCTION
  CREATE FUNCTION
  CREATE TRIGGER
  CREATE FUNCTION
  CREATE FUNCTION
  CREATE FUNCTION
  CREATE TRIGGER
  CREATE FUNCTION
  CREATE FUNCTION
  CREATE FUNCTION
  CREATE FUNCTION
  CREATE FUNCTION
  CREATE TABLE
  CREATE FUNCTION
  CREATE FUNCTION
  CREATE TABLE
  CREATE FUNCTION
  INSERT 0 1
  INSERT 0 10
  INSERT 0 26
  INSERT 0 104
  INSERT 0 23
  INSERT 0 54
  GRANT ROLE
  ALTER TABLE
  ALTER TABLE
  REVOKE
  ALTER TABLE
  ALTER TABLE
  REVOKE
  ALTER TABLE
  ALTER TABLE
  REVOKE
  ALTER TABLE
  ALTER TABLE
  REVOKE
  ALTER TABLE
  ALTER TABLE
  REVOKE
  ALTER TABLE
  ALTER TABLE
  REVOKE
  ALTER TABLE
  ALTER TABLE
  REVOKE
  ALTER TABLE
  ALTER TABLE
  REVOKE
  ALTER TABLE
  ALTER TABLE
  REVOKE
  ALTER TABLE
  ALTER TABLE
  REVOKE
  ALTER TABLE
  ALTER TABLE
  REVOKE
  ALTER TABLE
  ALTER TABLE
  REVOKE
  ALTER TABLE
  ALTER TABLE
  REVOKE
  ALTER TABLE
  ALTER TABLE
  REVOKE
  ALTER TABLE
  ALTER TABLE
  REVOKE
  ALTER TABLE
  ALTER TABLE
  REVOKE
  ALTER TABLE
  ALTER TABLE
  REVOKE
  ALTER TABLE
  ALTER TABLE
  REVOKE
  ALTER TABLE
  ALTER TABLE
  REVOKE
  ALTER TABLE
  ALTER TABLE
  REVOKE
  ALTER TABLE
  ALTER TABLE
  REVOKE
  ALTER TABLE
  ALTER TABLE
  REVOKE
  ALTER TABLE
  ALTER TABLE
  REVOKE
  ALTER TABLE
  ALTER TABLE
  REVOKE
  ALTER TABLE
  ALTER TABLE
  REVOKE
  GRANT
  GRANT
  GRANT
  GRANT
  GRANT
  GRANT
  GRANT
  GRANT
  GRANT
  GRANT
  GRANT
  GRANT
  GRANT
  GRANT
  GRANT
  GRANT
  GRANT
  GRANT
  GRANT
  GRANT
  GRANT
  GRANT
  GRANT
  GRANT
  GRANT
  CREATE FUNCTION
  CREATE TRIGGER
  CREATE TRIGGER
  CREATE TRIGGER
  CREATE TRIGGER
  GRANT
  ALTER FUNCTION
  REVOKE
  ALTER FUNCTION
  REVOKE
  ALTER FUNCTION
  REVOKE
  ALTER FUNCTION
  REVOKE
  ALTER FUNCTION
  REVOKE
  ALTER FUNCTION
  REVOKE
  ALTER FUNCTION
  REVOKE
  ALTER FUNCTION
  REVOKE
  ALTER FUNCTION
  REVOKE
  ALTER FUNCTION
  REVOKE
  ALTER FUNCTION
  REVOKE
  ALTER FUNCTION
  REVOKE
  ALTER FUNCTION
  REVOKE
  ALTER FUNCTION
  REVOKE
  ALTER FUNCTION
  REVOKE
  ALTER FUNCTION
  REVOKE
  ALTER FUNCTION
  REVOKE
  ALTER FUNCTION
  REVOKE
  ALTER FUNCTION
  REVOKE
  REVOKE
  REVOKE
  GRANT
  CREATE FUNCTION
  REVOKE
  GRANT
  CREATE FUNCTION
  REVOKE
  GRANT
  CREATE FUNCTION
  REVOKE
  GRANT
  CREATE FUNCTION
  REVOKE
  GRANT
  CREATE FUNCTION
  REVOKE
  GRANT
  CREATE FUNCTION
  REVOKE
  GRANT
  CREATE FUNCTION
  REVOKE
  GRANT
  CREATE FUNCTION
  REVOKE
  GRANT
  CREATE FUNCTION
  REVOKE
  GRANT
  CREATE FUNCTION
  REVOKE
  GRANT
  CREATE FUNCTION
  REVOKE
  GRANT
  CREATE FUNCTION
  REVOKE
  GRANT
  CREATE FUNCTION
  REVOKE
  GRANT
  CREATE FUNCTION
  REVOKE
  GRANT
  CREATE FUNCTION
  REVOKE
  GRANT
  CREATE FUNCTION
  REVOKE
  GRANT
  CREATE FUNCTION
  REVOKE
  GRANT
  CREATE FUNCTION
  REVOKE
  GRANT
  CREATE FUNCTION
  REVOKE
  GRANT
  CREATE FUNCTION
  REVOKE
  GRANT
  CREATE FUNCTION
  REVOKE
  GRANT
  CREATE FUNCTION
  REVOKE
  GRANT
  CREATE FUNCTION
  REVOKE
  GRANT
  CREATE FUNCTION
  REVOKE
  GRANT
  CREATE FUNCTION
  REVOKE
  GRANT
  CREATE FUNCTION
  REVOKE
  GRANT
  CREATE FUNCTION
  REVOKE
  GRANT
  CREATE FUNCTION
  REVOKE
  GRANT
  CREATE FUNCTION
  REVOKE
  GRANT
  CREATE FUNCTION
  REVOKE
  GRANT
  CREATE FUNCTION
  REVOKE
  GRANT
  CREATE FUNCTION
  REVOKE
  GRANT
  CREATE FUNCTION
  REVOKE
  GRANT
  CREATE FUNCTION
  REVOKE
  GRANT
  CREATE FUNCTION
  REVOKE
  GRANT
  CREATE FUNCTION
  REVOKE
  GRANT
  CREATE FUNCTION
  REVOKE
  GRANT
  CREATE FUNCTION
  REVOKE
  GRANT
  CREATE FUNCTION
  REVOKE
  GRANT
  CREATE FUNCTION
  REVOKE
  GRANT
  CREATE FUNCTION
  REVOKE
  GRANT
  CREATE FUNCTION
  REVOKE
  GRANT
  CREATE FUNCTION
  REVOKE
  GRANT
  CREATE FUNCTION
  REVOKE
  GRANT
  CREATE FUNCTION
  REVOKE
  GRANT
  CREATE FUNCTION
  REVOKE
  GRANT
  CREATE FUNCTION
  REVOKE
  GRANT
  CREATE FUNCTION
  REVOKE
  GRANT
  CREATE FUNCTION
  REVOKE
  GRANT
  CREATE FUNCTION
  REVOKE
  GRANT
  CREATE FUNCTION
  REVOKE
  GRANT
  CREATE FUNCTION
  REVOKE
  GRANT
  CREATE FUNCTION
  REVOKE
  GRANT
  CREATE FUNCTION
  REVOKE
  GRANT
  CREATE FUNCTION
  REVOKE
  GRANT
  CREATE FUNCTION
  REVOKE
  GRANT
  CREATE FUNCTION
  REVOKE
  GRANT
  CREATE FUNCTION
  REVOKE
  GRANT
  CREATE FUNCTION
  REVOKE
  GRANT
  CREATE POLICY
  GRANT
  GRANT
  CREATE VIEW
  GRANT
  CREATE POLICY
  GRANT
  GRANT
  CREATE VIEW
  GRANT
  REVOKE ROLE
  NOTIFY
  GRANT ROLE
  CREATE TABLE
  CREATE TABLE
  CREATE TABLE
  CREATE TABLE
  CREATE FUNCTION
  CREATE FUNCTION
  CREATE ROLE
  CREATE FUNCTION
  CREATE FUNCTION
  DO
  CREATE TRIGGER
  CREATE TRIGGER
  GRANT
  ALTER FUNCTION
  ALTER FUNCTION
  ALTER FUNCTION
  ALTER FUNCTION
  REVOKE
  GRANT
  REVOKE
  REVOKE
  GRANT
  GRANT
  GRANT
  CREATE FUNCTION
  CREATE FUNCTION
  REVOKE
  GRANT
  REVOKE ROLE
  NOTIFY
  CREATE ROLE
  GRANT
  GRANT ROLE
  ALTER ROLE
  ALTER ROLE
  ALTER ROLE
  DO
  DO
  PHASE28_POSTFLIGHT_PASS
  DO
  DO
  CREATE TABLE
  
  
  3 !== 0
  
      at sql (file:///C:/GitHub/liberty-county-map/.artifacts/worktrees/RESPONDER-PHASE0-v1-contract-freeze/tools/responder/phase29/installer/runtime.test.mjs:4:240)
      at TestContext.<anonymous> (file:///C:/GitHub/liberty-county-map/.artifacts/worktrees/RESPONDER-PHASE0-v1-contract-freeze/tools/responder/phase29/installer/runtime.test.mjs:11:379)
      at Test.runInAsyncScope (node:async_hooks:227:14)
      at Test.run (node:internal/test_runner/test:1306:25)
      at Test.processPendingSubtests (node:internal/test_runner/test:897:18)
      at Test.postRun (node:internal/test_runner/test:1447:19)
      at Test.run (node:internal/test_runner/test:1372:12)
      at async Test.processPendingSubtests (node:internal/test_runner/test:897:7) {
    generatedMessage: false,
    code: 'ERR_ASSERTION',
    actual: 3,
    expected: 0,
    operator: 'strictEqual',
    diff: 'simple'
  }
Exception: C:\GitHub\liberty-county-map\.artifacts\worktrees\RESPONDER-PHASE0-v1-contract-freeze\tools\responder\phase29\installer\run-certification.ps1:50
Line |
  50 |  … ($LASTEXITCODE -ne 0){throw 'installer runtime certification failed'}
     |                          ~~~~~~~~~~~~~~~~~~~~~~~~~~~~~~~~~~~~~~~~~~~~~~
     | installer runtime certification failed
