DROP SCHEMA
✔ clean standard Supabase baseline without fixtures (592.708ms)
✔ wrong project fails atomically (951.481ms)
✔ populated Dispatch fails atomically (863.8103ms)
✔ conflicting role fails atomically (865.7221ms)
✔ incompatible prior namespace fails atomically (848.7349ms)
✔ unexpected public record fails atomically (837.9331ms)
✖ unexpected owner defaults fails atomically (305.9612ms)
✔ version condition is executed and rejects unsupported version (305.8093ms)
✖ full clean install, inventories and frozen postflight pass (292.6845ms)
✖ future public table has no browser table privileges (284.9559ms)
✖ failure after hardening rolls back roles objects and ACL mutations (269.2706ms)
✖ empty rollback and reapply pass (288.053ms)
✔ exact inventory persisted for owner review (293.1132ms)
ℹ tests 13
ℹ suites 0
ℹ pass 8
ℹ fail 5
ℹ cancelled 0
ℹ skipped 0
ℹ todo 0
ℹ duration_ms 7212.4327

✖ failing tests:

test at ..\..\..\..\..\..\GitHub\liberty-county-map\.artifacts\worktrees\RESPONDER-PHASE0-v1-contract-freeze\tools\responder\phase29\installer\runtime.test.mjs:9:814
✖ unexpected owner defaults fails atomically (305.9612ms)
  AssertionError [ERR_ASSERTION]: The input did not match the regular expression /unknown default/. Input:
  
  'WARNING:  there is already a transaction in progress\n' +
    'ERROR:  INSTALL_REFUSED unexpected application namespace _realtime,pgbouncer,supabase_functions\n' +
    'CONTEXT:  PL/pgSQL function inline_code_block line 9 at RAISE\n'
  
      at TestContext.<anonymous> (file:///C:/GitHub/liberty-county-map/.artifacts/worktrees/RESPONDER-PHASE0-v1-contract-freeze/tools/responder/phase29/installer/runtime.test.mjs:9:905)
      at Test.runInAsyncScope (node:async_hooks:227:14)
      at Test.run (node:internal/test_runner/test:1306:25)
      at Test.processPendingSubtests (node:internal/test_runner/test:897:18)
      at Test.postRun (node:internal/test_runner/test:1447:19)
      at Test.run (node:internal/test_runner/test:1372:12)
      at async Test.processPendingSubtests (node:internal/test_runner/test:897:7) {
    generatedMessage: true,
    code: 'ERR_ASSERTION',
    actual: 'WARNING:  there is already a transaction in progress\nERROR:  INSTALL_REFUSED unexpected application namespace _realtime,pgbouncer,supabase_functions\nCONTEXT:  PL/pgSQL function inline_code_block line 9 at RAISE\n',
    expected: /unknown default/,
    operator: 'match',
    diff: 'simple'
  }

test at ..\..\..\..\..\..\GitHub\liberty-county-map\.artifacts\worktrees\RESPONDER-PHASE0-v1-contract-freeze\tools\responder\phase29\installer\runtime.test.mjs:11:1
✖ full clean install, inventories and frozen postflight pass (292.6845ms)
  AssertionError [ERR_ASSERTION]: ERROR:  INSTALL_REFUSED unexpected application namespace _realtime,pgbouncer,supabase_functions
  CONTEXT:  PL/pgSQL function inline_code_block line 9 at RAISE
  
  cmrrvwgkgjhmdugzhnrh
  BEGIN
  SET
  SET
  
  
  
  3 !== 0
  
      at sql (file:///C:/GitHub/liberty-county-map/.artifacts/worktrees/RESPONDER-PHASE0-v1-contract-freeze/tools/responder/phase29/installer/runtime.test.mjs:4:240)
      at TestContext.<anonymous> (file:///C:/GitHub/liberty-county-map/.artifacts/worktrees/RESPONDER-PHASE0-v1-contract-freeze/tools/responder/phase29/installer/runtime.test.mjs:11:72)
      at Test.runInAsyncScope (node:async_hooks:227:14)
      at Test.run (node:internal/test_runner/test:1306:25)
      at Test.processPendingSubtests (node:internal/test_runner/test:897:18)
      at Test.postRun (node:internal/test_runner/test:1447:19)
      at Test.run (node:internal/test_runner/test:1372:12)
      at async Test.processPendingSubtests (node:internal/test_runner/test:897:7) {
    generatedMessage: false,
    code: 'ERR_ASSERTION',
    actual: 3,
    expected: 0,
    operator: 'strictEqual',
    diff: 'simple'
  }

test at ..\..\..\..\..\..\GitHub\liberty-county-map\.artifacts\worktrees\RESPONDER-PHASE0-v1-contract-freeze\tools\responder\phase29\installer\runtime.test.mjs:12:1
✖ future public table has no browser table privileges (284.9559ms)
  AssertionError [ERR_ASSERTION]: ERROR:  future privilege
  CONTEXT:  PL/pgSQL function inline_code_block line 1 at RAISE
  
  BEGIN
  CREATE TABLE
  
  
  3 !== 0
  
      at sql (file:///C:/GitHub/liberty-county-map/.artifacts/worktrees/RESPONDER-PHASE0-v1-contract-freeze/tools/responder/phase29/installer/runtime.test.mjs:4:240)
      at TestContext.<anonymous> (file:///C:/GitHub/liberty-county-map/.artifacts/worktrees/RESPONDER-PHASE0-v1-contract-freeze/tools/responder/phase29/installer/runtime.test.mjs:12:65)
      at Test.runInAsyncScope (node:async_hooks:227:14)
      at Test.run (node:internal/test_runner/test:1306:25)
      at Test.processPendingSubtests (node:internal/test_runner/test:897:18)
      at Test.postRun (node:internal/test_runner/test:1447:19)
      at Test.run (node:internal/test_runner/test:1372:12)
      at async Test.processPendingSubtests (node:internal/test_runner/test:897:7) {
    generatedMessage: false,
    code: 'ERR_ASSERTION',
    actual: 3,
    expected: 0,
    operator: 'strictEqual',
    diff: 'simple'
  }

test at ..\..\..\..\..\..\GitHub\liberty-county-map\.artifacts\worktrees\RESPONDER-PHASE0-v1-contract-freeze\tools\responder\phase29\installer\runtime.test.mjs:13:1
✖ failure after hardening rolls back roles objects and ACL mutations (269.2706ms)
  AssertionError [ERR_ASSERTION]: ERROR:  relation "dispatch_private.report_contract_versions" does not exist
  LINE 1: EXISTS(SELECT 1 FROM dispatch_private.report_contract_versio...
                               ^
  QUERY:  EXISTS(SELECT 1 FROM dispatch_private.report_contract_versions WHERE publishing_enabled)
  CONTEXT:  PL/pgSQL function inline_code_block line 3 at IF
  
  cmrrvwgkgjhmdugzhnrh
  BEGIN
  
  
  
  3 !== 0
  
      at sql (file:///C:/GitHub/liberty-county-map/.artifacts/worktrees/RESPONDER-PHASE0-v1-contract-freeze/tools/responder/phase29/installer/runtime.test.mjs:4:240)
      at TestContext.<anonymous> (file:///C:/GitHub/liberty-county-map/.artifacts/worktrees/RESPONDER-PHASE0-v1-contract-freeze/tools/responder/phase29/installer/runtime.test.mjs:13:80)
      at Test.runInAsyncScope (node:async_hooks:227:14)
      at Test.run (node:internal/test_runner/test:1306:25)
      at Test.processPendingSubtests (node:internal/test_runner/test:897:18)
      at Test.postRun (node:internal/test_runner/test:1447:19)
      at Test.run (node:internal/test_runner/test:1372:12)
      at async Test.processPendingSubtests (node:internal/test_runner/test:897:7) {
    generatedMessage: false,
    code: 'ERR_ASSERTION',
    actual: 3,
    expected: 0,
    operator: 'strictEqual',
    diff: 'simple'
  }

test at ..\..\..\..\..\..\GitHub\liberty-county-map\.artifacts\worktrees\RESPONDER-PHASE0-v1-contract-freeze\tools\responder\phase29\installer\runtime.test.mjs:14:1
✖ empty rollback and reapply pass (288.053ms)
  AssertionError [ERR_ASSERTION]: ERROR:  INSTALL_REFUSED unexpected application namespace _realtime,pgbouncer,supabase_functions
  CONTEXT:  PL/pgSQL function inline_code_block line 9 at RAISE
  
  cmrrvwgkgjhmdugzhnrh
  BEGIN
  SET
  SET
  
  
  
  3 !== 0
  
      at sql (file:///C:/GitHub/liberty-county-map/.artifacts/worktrees/RESPONDER-PHASE0-v1-contract-freeze/tools/responder/phase29/installer/runtime.test.mjs:4:240)
      at TestContext.<anonymous> (file:///C:/GitHub/liberty-county-map/.artifacts/worktrees/RESPONDER-PHASE0-v1-contract-freeze/tools/responder/phase29/installer/runtime.test.mjs:14:45)
      at Test.runInAsyncScope (node:async_hooks:227:14)
      at Test.run (node:internal/test_runner/test:1306:25)
      at Test.processPendingSubtests (node:internal/test_runner/test:897:18)
      at Test.postRun (node:internal/test_runner/test:1447:19)
      at Test.run (node:internal/test_runner/test:1372:12)
      at async Test.processPendingSubtests (node:internal/test_runner/test:897:7) {
    generatedMessage: false,
    code: 'ERR_ASSERTION',
    actual: 3,
    expected: 0,
    operator: 'strictEqual',
    diff: 'simple'
  }
Exception: C:\GitHub\liberty-county-map\.artifacts\worktrees\RESPONDER-PHASE0-v1-contract-freeze\tools\responder\phase29\installer\run-certification.ps1:49
Line |
  49 |  … ($LASTEXITCODE -ne 0){throw 'installer runtime certification failed'}
     |                          ~~~~~~~~~~~~~~~~~~~~~~~~~~~~~~~~~~~~~~~~~~~~~~
     | installer runtime certification failed
