✔ exact owner-approved versioned contract is preserved before implementation (11.8686ms)
✔ owner public matrices preserve independent Police, Fire, EMS and Public Works eligibility (2.4407ms)
✔ local package defaults publishing off and refuses an unmarked or populated target (2.3537ms)
✔ screening warning states clinical/Police exclusions and its practical limit (1.7298ms)
✔ eligibility function dollar quotes survive source and generated package (4.3485ms)
✔ LF checkout produces canonical contract hash (166.7987ms)
✔ CRLF checkout produces same canonical contract hash (121.3246ms)
✔ line-ending conversion alone preserves canonical hash (3.523ms)
✔ actual contract text and spacing changes alter canonical hash (140.4384ms)
✔ recorded canonical hash matches authoritative committed artifact (162.1814ms)
✔ exact dedicated target and TLS binding accepts approved shape (2.4639ms)
✔ wrong project ref, consumer host, pooler and false approval refuse (1.203ms)
✔ TLS bypass and mismatched certificate hostname refuse (1.0926ms)
✔ candidate hash matches exact generated SQL (2.0749ms)
✔ single atomic transaction and no disposable artifacts (1.1501ms)
✔ precheck precedes every application object and grant hardening (2.0286ms)
✔ frozen input locks match canonical source contents (6.5155ms)
✔ retains frozen TOTP intervals and review rules (0.9126ms)
✔ delivery login has no stored password and transport-only membership (1.0473ms)
✔ rollback scans every nonregistry table and leaves hardening (2.4887ms)
✔ creator ADMIN grants never authorize runtime SET or inheritance (3.4728ms)
✔ installer SQL hashing survives CRLF checkout without changing text (2.4677ms)
✔ failure probes preserve SQL dollar quotes and require actual injected exception (2.0691ms)
✔ both actual failure-probe source lines contain intact SQL delimiters (2.3271ms)
✔ exact sender/origin and explicit same-origin configuration (2.8878ms)
✔ mock Resend success renders bounded content without token persistence (7.1223ms)
✔ caller origin/return and duration overrides refused (1.7887ms)
✔ transport errors discard provider plaintext and fail delivery only (1.2868ms)
✔ manual fallback requires explicit authorization confirmation and reason (4.1204ms)
✔ verified webhook allowlist strips arbitrary token-bearing fields (4.8736ms)
✔ test recipient and credential isolation (1.4058ms)
✔ webhook boundary uses only the server-held secret (2.0326ms)
✔ send claim refusal prevents transport and exposes no link (1.2575ms)
✔ reissue requires explicit prior identity and revision (1.7511ms)
✔ actual workerd accepts valid Svix signature and strips extra fields (769.3262ms)
✔ exact origin/path refuses alternate host, scheme, path and query (90.8097ms)
✔ POST only and safe content type/encoding (24.3202ms)
✔ raw body 65536 boundary and oversized chunked input (26.6079ms)
✔ invalid missing stale future and tampered signatures never process (35.49ms)
✔ signed malformed JSON and unknown event safely refused (13.003ms)
✔ missing server signing secret refuses without payload disclosure (16.2332ms)
✔ identical duplicate idempotent; changed duplicate conflict (20.433ms)
✔ unknown correlation refuses; all seven events and adverse order supported (57.9688ms)
✔ raw Unicode bytes and BOM are not silently normalized (14.9614ms)
✔ configuration rejects caller origin and malformed bindings (2.2703ms)
✔ disabled transport and facade refuse before fetch/operator writes (0.9518ms)
✔ missing API key and wrong sender refused before network (1.0516ms)
✔ mock fetch transport captures safe provider ID and bounded rejection (4.9778ms)
✔ transport timeout oversized and malicious response errors minimized (19.0536ms)
✔ database binding rejects broad login insecure TLS and caching (1.247ms)
✔ repository only parameterized bounded commands and transaction-local role (1.6497ms)
✔ repository failures rollback close and minimize errors (1.0618ms)
✔ source/config isolation: no browser build, no logging, exact route, no secret values (3.064ms)
✔ malformed base64 signature cannot gain validity through decoder tolerance (8.7319ms)
✔ missing credential refuses operator service before writes; path overrides refused (0.9551ms)
✔ streamed chunks enforce raw-byte limit without Content-Length (9.82ms)
✔ signed malformed UTF-8 refuses without replacement or persistence (19.1058ms)
ℹ tests 57
ℹ suites 0
ℹ pass 57
ℹ fail 0
ℹ cancelled 0
ℹ skipped 0
ℹ todo 0
ℹ duration_ms 2297.6349
